------------------------------------------------------------
TimeQuest Timing Analyzer Summary
------------------------------------------------------------

Type  : Slow 1100mV 85C Model Setup 'clk'
Slack : -5.706
TNS   : -6693.264

Type  : Slow 1100mV 85C Model Hold 'clk'
Slack : 0.240
TNS   : 0.000

Type  : Slow 1100mV 85C Model Minimum Pulse Width 'clk'
Slack : -1.174
TNS   : -716.144

Type  : Slow 1100mV 0C Model Setup 'clk'
Slack : -5.687
TNS   : -6441.643

Type  : Slow 1100mV 0C Model Hold 'clk'
Slack : 0.230
TNS   : 0.000

Type  : Slow 1100mV 0C Model Minimum Pulse Width 'clk'
Slack : -1.174
TNS   : -740.357

Type  : Fast 1100mV 85C Model Setup 'clk'
Slack : -2.758
TNS   : -2158.004

Type  : Fast 1100mV 85C Model Hold 'clk'
Slack : 0.137
TNS   : 0.000

Type  : Fast 1100mV 85C Model Minimum Pulse Width 'clk'
Slack : -1.174
TNS   : -719.010

Type  : Fast 1100mV 0C Model Setup 'clk'
Slack : -2.254
TNS   : -1566.256

Type  : Fast 1100mV 0C Model Hold 'clk'
Slack : 0.127
TNS   : 0.000

Type  : Fast 1100mV 0C Model Minimum Pulse Width 'clk'
Slack : -1.174
TNS   : -726.250

------------------------------------------------------------
